// Jest Snapshot v1, https://goo.gl/fbAQLP

exports[`Should render ExpenseList with expenses 1`] = `
<div>
  <h1>
    Expense List
  </h1>
  <ExpenseListItem
    amount={195}
    createdAt={5000}
    description="gum"
    id="1"
    key="1"
    note="good"
  />
  <ExpenseListItem
    amount={109500}
    createdAt={-345600000}
    description="Rent"
    id="2"
    key="2"
    note="cost"
  />
  <ExpenseListItem
    amount={7600}
    createdAt={345600000}
    description="Credit card"
    id="3"
    key="3"
    note="For payments"
  />
</div>
`;
