// Jest Snapshot v1, https://goo.gl/fbAQLP

exports[`Should render Header page 1`] = `
<header>
  <h1>
    Budget
  </h1>
  <NavLink
    activeClassName="is-active"
    aria-current="page"
    exact={true}
    to="/"
  >
           |Dashboard|    
  </NavLink>
  <NavLink
    activeClassName="is-active"
    aria-current="page"
    to="/create"
  >
          Create Expense|     
  </NavLink>
  <NavLink
    activeClassName="is-active"
    aria-current="page"
    to="/help"
  >
        Help|     
  </NavLink>
  <button
    onClick={[Function]}
  >
     Log Out 
  </button>
</header>
`;
