// Jest Snapshot v1, https://goo.gl/fbAQLP

exports[`Should render Not found page 1`] = `
<div>
  404!- Page does not exist 
  <Link
    replace={false}
    to="/"
  >
     Go Home 
  </Link>
</div>
`;
